2026-10-06 19:08:25,530 - BankFraud - INFO - Starting End-to-End Bank Fraud Detection Pipeline
2026-10-06 19:08:25,531 - BankFraud - INFO - Starting synthetic data generation...
2026-10-06 19:08:33,026 - BankFraud - INFO - Generation complete!
2026-10-06 19:08:33,032 - BankFraud - INFO - Starting batch ingestion to Bronze...
2026-10-06 19:08:45,890 - BankFraud - INFO - Batch ingestion to Bronze completed.
2026-10-06 19:08:46,257 - BankFraud - INFO - Starting Silver layer processing...
2026-10-06 19:08:46,419 - BankFraud - INFO - Cleaning customer profiles...
2026-10-06 19:08:47,796 - BankFraud - INFO - Cleaning device data...
2026-10-06 19:08:48,694 - BankFraud - INFO - Cleaning transactions...
2026-10-06 19:08:50,712 - BankFraud - INFO - All data quality checks passed for Silver transactions.
2026-10-06 19:08:51,645 - BankFraud - INFO - Silver layer build completed.
2026-10-06 19:08:52,002 - BankFraud - INFO - Starting Gold layer feature engineering...
2026-10-06 19:08:53,387 - BankFraud - INFO - Gold layer build completed.
2026-10-06 19:08:53,649 - BankFraud - INFO - Starting model training...
2026-10-06 19:08:53,843 - BankFraud - INFO - LightGBM Model Evaluation:
2026-10-06 19:08:53,851 - BankFraud - INFO - 
              precision    recall  f1-score   support

           0       1.00      0.99      1.00      1980
           1       0.52      0.65      0.58        20

    accuracy                           0.99      2000
   macro avg       0.76      0.82      0.79      2000
weighted avg       0.99      0.99      0.99      2000

2026-10-06 19:08:53,852 - BankFraud - INFO - PR-AUC: 0.5620
2026-10-06 19:08:53,855 - BankFraud - INFO - Feature importance saved to models/feature_importance.csv
2026-10-06 19:08:53,871 - BankFraud - INFO - Model saved to models/lgbm_model.pkl
2026-10-06 19:08:53,872 - BankFraud - INFO - Starting Streaming Consumer...
2026-10-06 19:08:53,936 - BankFraud - INFO - Streaming consumer generated alerts.parquet
2026-10-06 19:08:53,936 - BankFraud - INFO - Pipeline executed successfully end-to-end!
